
> capacitorco---industrial-excellence@0.0.0 build
> vite build

[36mvite v6.4.1 [32mbuilding for production...[36m[39m
[32mΓ£ô[39m 0 modules transformed.
node.exe : 
[31mΓ£ù[39m Build 
failed in 77ms
At line:1 char:1
+ & "C:\Program Files
\nodejs/node.exe" "C:
\Users\ganes\AppData\
Roaming\ ...
+ ~~~~~~~~~~~~~~~~~~~
~~~~~~~~~~~~~~~~~~~~~
~~~~~~~~~~~~~~~~~~~~~
~~~~~~~~
    + CategoryInfo   
           : NotSpe  
  cified: ([31mΓ£   
 ù[39m Build fai    
led in 77ms:Stri    
ng) [], RemoteEx    
ception
    + FullyQualified 
   ErrorId : Native  
  CommandError
 
[31merror during 
build:
[31m[vite:build-html
] Unable to parse 
HTML; parse5 error 
code end-tag-without-
matching-open-element
 at E:/Downloads/capa
citorco---industrial-
excellence/index.html
:48:5
46 |          }
47 |      </style>
48 |      </style>
   |      ^^^^^^^^
49 |  </head>
50 |  <body class="bg
-background-light 
text-slate-900 
transition-colors 
duration-300">[31m
file: [36mE:/Downloa
ds/capacitorco---indu
strial-excellence/ind
ex.html[31m
    at 
handleParseError (fil
e:///E:/Downloads/cap
acitorco---industrial
-excellence/node_modu
les/vite/dist/node/ch
unks/dep-D4NMHUTW.js:
36202:9)
    at 
Parser.onParseError (
file:///E:/Downloads/
capacitorco---industr
ial-excellence/node_m
odules/vite/dist/node
/chunks/dep-D4NMHUTW.
js:36115:7)
    at Parser._err (f
ile:///E:/Downloads/c
apacitorco---industri
al-excellence/node_mo
dules/vite/dist/node/
chunks/dep-CvfTChi5.j
s:5133:14)
    at endTagInHead (
file:///E:/Downloads/
capacitorco---industr
ial-excellence/node_m
odules/vite/dist/node
/chunks/dep-CvfTChi5.
js:6441:15)
    at Parser._endTag
OutsideForeignContent
 (file:///E:/Download
s/capacitorco---indus
trial-excellence/node
_modules/vite/dist/no
de/chunks/dep-CvfTChi
5.js:5941:17)
    at 
Parser.onEndTag (file
:///E:/Downloads/capa
citorco---industrial-
excellence/node_modul
es/vite/dist/node/chu
nks/dep-CvfTChi5.js:5
922:18)
    at Tokenizer.emit
CurrentTagToken (file
:///E:/Downloads/capa
citorco---industrial-
excellence/node_modul
es/vite/dist/node/chu
nks/dep-CvfTChi5.js:1
706:26)
    at Tokenizer._sta
teTagName (file:///E:
/Downloads/capacitorc
o---industrial-excell
ence/node_modules/vit
e/dist/node/chunks/de
p-CvfTChi5.js:2314:22
)
    at 
Tokenizer._callState 
(file:///E:/Downloads
/capacitorco---indust
rial-excellence/node_
modules/vite/dist/nod
e/chunks/dep-CvfTChi5
.js:1845:22)
    at Tokenizer._run
ParsingLoop (file:///
E:/Downloads/capacito
rco---industrial-exce
llence/node_modules/v
ite/dist/node/chunks/
dep-CvfTChi5.js:1537:
22)[39m
